// Jest Snapshot v1, https://goo.gl/fbAQLP

exports[`MailView Component Should render without errors 1`] = `
<div
  className="mailView"
>
  <Button
    name="Delete"
    type="submit"
  />
  <p>
    <small>
       From 
    </small>
    <strong />
     
    <small>
       to 
    </small>
     
    <strong />
  </p>
  <h1 />
  <p />
</div>
`;
