// Jest Snapshot v1, https://goo.gl/fbAQLP

exports[`MailViewMobile Component Should render without errors 1`] = `
<div
  id="readMessage"
>
  <div
    className="box-11-inbox"
  >
    <i
      className="fas fa-chevron-left"
    />
    <i
      className="fas fa-trash-alt"
      name="Delete"
      type="submit"
    />
    <i
      className="fas fa-reply"
    />
    <i
      className="fas fa-reply-all"
    />
    <i
      className="fas fa-forward"
    />
  </div>
  <div
    className="body-inbox"
  >
    <h1 />
    <br />
    <small>
      From: 
      <strong>
         
      </strong>
       
      <br />
      To: 
      <strong>
         
      </strong>
    </small>
    <br />
    <br />
  </div>
</div>
`;
