// Jest Snapshot v1, https://goo.gl/fbAQLP

exports[`MailViewMobile Component Should render without errors 1`] = `
<div
  className="record"
>
  <div
    className="pic"
  >
    <img
      alt=""
    />
  </div>
  <div
    className="record-inner"
  >
    <span />
    <br />
    <span>
       
      <h3>
        <i
          className="fas fa-circle"
        />
         
      </h3>
       
    </span>
    <h4 />
    <p />
  </div>
</div>
`;
