// Jest Snapshot v1, https://goo.gl/fbAQLP

exports[`MailLink Component Should render without errors 1`] = `
<Fragment>
  <div
    className="view record"
  >
    <span />
    <br />
    <span
      className="view"
    >
       
      <h3>
        <i />
         
      </h3>
       
    </span>
    <h4
      className="view"
    />
    <p
      className="view"
    />
  </div>
</Fragment>
`;
