// Jest Snapshot v1, https://goo.gl/fbAQLP

exports[`MailViewMobile Component Should render without errors 1`] = `
<div
  className="view record"
>
  <div
    className="view pic"
  >
    <img
      alt=""
    />
  </div>
  <div
    className="view record-inner"
  >
    <span
      className="view"
    />
    <br />
    <span
      className="view"
    >
       
      <h3>
        <i />
         
      </h3>
       
    </span>
    <h4
      className="view"
    />
  </div>
</div>
`;
