// Jest Snapshot v1, https://goo.gl/fbAQLP

exports[`Sign In View Component Should Render With Children Component 1`] = `
<BrowserRouter>
  <Router
    history={
      Object {
        "action": "POP",
        "block": [Function],
        "createHref": [Function],
        "go": [Function],
        "goBack": [Function],
        "goForward": [Function],
        "length": 1,
        "listen": [Function],
        "location": Object {
          "hash": "",
          "pathname": "/",
          "search": "",
          "state": undefined,
        },
        "push": [Function],
        "replace": [Function],
      }
    }
  >
    <Connect(SignIn)
      store={
        Object {
          "dispatch": [Function],
          "getState": [Function],
          "replaceReducer": [Function],
          "subscribe": [Function],
          Symbol(observable): [Function],
        }
      }
    >
      <SignIn
        cleanUp={[Function]}
        error={null}
        isAuthenticated={false}
        isCompleted={false}
        isSubmit={false}
        onSignIn={[Function]}
        store={
          Object {
            "dispatch": [Function],
            "getState": [Function],
            "replaceReducer": [Function],
            "subscribe": [Function],
            Symbol(observable): [Function],
          }
        }
        user={Object {}}
      >
        <div
          className="container-1"
        >
          <div
            className="box-1"
          >
            <div
              className="content"
            >
              <p>
                Experience
              </p>
              <p>
                the new way to
              </p>
              <p>
                 send messages
              </p>
              <p>
                Use EPIC Mail 
                <em>
                  today!
                </em>
              </p>
              <div
                className="links"
              >
                <ul>
                  <li>
                    <a
                      href="#"
                    >
                      Terms
                    </a>
                  </li>
                  <li>
                    <a
                      href="#"
                    >
                      Privacy
                    </a>
                  </li>
                  <li>
                    <a
                      href="#"
                    >
                      APIs
                    </a>
                  </li>
                </ul>
              </div>
            </div>
          </div>
          <div
            className="box-2"
          >
            <div
              className="signup"
            >
              <p>
                Welcome to EPIC Mail
              </p>
              <h2>
                Sign In
              </h2>
              <form
                onSubmit={[Function]}
              >
                <p>
                  Email
                </p>
                <Input
                  id="email"
                  inputType="email"
                  name="email"
                  onChange={[Function]}
                  pattern="^[\\\\w.]+@[\\\\w]{2,20}.[a-z]{2,10}$"
                  required={true}
                  title="user@email.com"
                >
                  <input
                    id="email"
                    name="email"
                    onChange={[Function]}
                    pattern="^[\\\\w.]+@[\\\\w]{2,20}.[a-z]{2,10}$"
                    required={true}
                    title="user@email.com"
                    type="email"
                  />
                </Input>
                <p>
                  Password
                </p>
                <Input
                  id="password"
                  name="password"
                  onChange={[Function]}
                  required={true}
                  type="password"
                >
                  <input
                    id="password"
                    name="password"
                    onChange={[Function]}
                    required={true}
                    type="password"
                  />
                </Input>
                <Button
                  isSubmit={false}
                  name="Sign In"
                  type="submit"
                >
                  <button
                    disabled={false}
                    type="submit"
                  >
                    Sign In
                  </button>
                </Button>
              </form>
              <br />
              <br />
              <i
                className="fas fa-chevron-right"
              />
               Don't have an account? 
              <Link
                to="/"
              >
                <a
                  href="/"
                  onClick={[Function]}
                >
                  Sign Up
                </a>
              </Link>
            </div>
          </div>
          <div
            className="box-3"
          >
            <div
              className="content"
            />
          </div>
        </div>
      </SignIn>
    </Connect(SignIn)>
  </Router>
</BrowserRouter>
`;

exports[`Sign In View Component Should render without errors 1`] = `
<Router
  history={
    Object {
      "action": "POP",
      "block": [Function],
      "createHref": [Function],
      "go": [Function],
      "goBack": [Function],
      "goForward": [Function],
      "length": 1,
      "listen": [Function],
      "location": Object {
        "hash": "",
        "pathname": "/",
        "search": "",
        "state": undefined,
      },
      "push": [Function],
      "replace": [Function],
    }
  }
>
  <Connect(SignIn)
    store={
      Object {
        "dispatch": [Function],
        "getState": [Function],
        "replaceReducer": [Function],
        "subscribe": [Function],
        Symbol(observable): [Function],
      }
    }
  />
</Router>
`;
